###############################################################################
#
# IAR ELF Linker V7.30.1.7746/W32 for ARM                 02/Feb/2015  15:52:50
# Copyright 2007-2014 IAR Systems AB.
#
#    Output file  =  
#        C:\Users\duanskel\Documents\IAR Embedded
#        Workbench\TMDXEVM1808L\GettingStarted\DDR Debug\Exe\GettingStarted.out
#    Map file     =  
#        C:\Users\duanskel\Documents\IAR Embedded
#        Workbench\TMDXEVM1808L\GettingStarted\DDR
#        Debug\List\GettingStarted.map
#    Command line =  
#        "C:\Users\duanskel\Documents\IAR Embedded
#        Workbench\TMDXEVM1808L\GettingStarted\DDR Debug\Obj\am18xx_cstartup.o"
#        "C:\Users\duanskel\Documents\IAR Embedded
#        Workbench\TMDXEVM1808L\GettingStarted\DDR Debug\Obj\main.o" -o
#        "C:\Users\duanskel\Documents\IAR Embedded
#        Workbench\TMDXEVM1808L\GettingStarted\DDR
#        Debug\Exe\GettingStarted.out" --redirect _Printf=_PrintfFull
#        --redirect _Scanf=_ScanfFull --map "C:\Users\duanskel\Documents\IAR
#        Embedded Workbench\TMDXEVM1808L\GettingStarted\DDR
#        Debug\List\GettingStarted.map" --config
#        "C:\Users\duanskel\Documents\IAR Embedded
#        Workbench\TMDXEVM1808L\GettingStarted\config\AM1808_DDR.icf"
#        --semihosting=iar_breakpoint "C:\Users\duanskel\Documents\IAR Embedded
#        Workbench\TMDXEVM1808L\GettingStarted\..\TI_Lib\Debug\Exe\TI_Lib.a"
#        --entry __iar_program_start --redirect __write=__write_buffered --vfe
#
###############################################################################

*******************************************************************************
*** RUNTIME MODEL ATTRIBUTES
***

CppFlavor       = *
__SystemLibrary = DLib


*******************************************************************************
*** PLACEMENT SUMMARY
***

"A1":  place at start of [0xc0000000-0xc7ffffff] { ro section .startup };
"P1":  place in [from 0xc0000000 to 0xc7ffffff] { ro };
"P2":  place in [from 0xc0000000 to 0xc7ffffff] {
          rw, block CSTACK, block SVC_STACK, block IRQ_STACK, block FIQ_STACK,
          block UND_STACK, block ABT_STACK, block HEAP };

  Section          Kind        Address   Size  Object
  -------          ----        -------   ----  ------
"A1":                                    0xa4
  .startup         ro code  0xc0000000   0xa4  am18xx_cstartup.o [1]
                          - 0xc00000a4   0xa4

"P1":                                   0x8f4
  .text            ro code  0xc00000a4  0x208  evmam1808_i2c_gpio.o [3]
  .text            ro code  0xc00002ac  0x1d0  evmam1808_i2c.o [3]
  .text            ro code  0xc000047c  0x104  evmam1808.o [3]
  .text            ro code  0xc0000580  0x140  evmam1808_timer.o [3]
  .text            ro code  0xc00006c0   0xd4  main.o [1]
  .text            ro code  0xc0000794   0x46  evmam1808_dip.o [3]
  .text            ro code  0xc00007da   0xae  evmam1808_led.o [3]
  .intvec                   0xc0000888   0x3c  <Block>
    .intvec        ro code  0xc0000888   0x3c  am18xx_cstartup.o [1]
  .text            ro code  0xc00008c4   0x2c  cmain.o [5]
  .text            ro code  0xc00008f0    0x4  low_level_init.o [4]
  .text            ro code  0xc00008f4   0x28  data_init.o [5]
  .text            ro code  0xc000091c    0x8  exit.o [4]
  .text            ro code  0xc0000924   0x20  exit.o [6]
  .text            ro code  0xc0000944   0x10  cexit.o [5]
  .text            ro code  0xc0000954    0x4  iar_semihosting.o [6]
  .text            ro code  0xc0000958   0x2a  zero_init3.o [5]
  .iar.init_table  const    0xc0000984   0x10  - Linker created -
  .text            ro code  0xc0000994    0x4  vectortrap.o [5]
  .rodata          const    0xc0000998    0x0  zero_init3.o [5]
                          - 0xc0000998  0x8f4

"P2":                                   0x708
  .bss             zero     0xc0000998    0x1  evmam1808_i2c.o [3]
  CSTACK                    0xc00009a0  0x200  <Block>
    CSTACK         uninit   0xc00009a0  0x200  <Block tail>
  SVC_STACK                 0xc0000ba0  0x100  <Block>
    SVC_STACK      uninit   0xc0000ba0  0x100  <Block tail>
  IRQ_STACK                 0xc0000ca0  0x100  <Block>
    IRQ_STACK      uninit   0xc0000ca0  0x100  <Block tail>
  FIQ_STACK                 0xc0000da0  0x100  <Block>
    FIQ_STACK      uninit   0xc0000da0  0x100  <Block tail>
  UND_STACK                 0xc0000ea0  0x100  <Block>
    UND_STACK      uninit   0xc0000ea0  0x100  <Block tail>
  ABT_STACK                 0xc0000fa0  0x100  <Block>
    ABT_STACK      uninit   0xc0000fa0  0x100  <Block tail>
                          - 0xc00010a0  0x708


*******************************************************************************
*** INIT TABLE
***

          Address     Size
          -------     ----
Zero (__iar_zero_init3)
    1 destination range, total size 0x1:
          0xc0000998   0x1



*******************************************************************************
*** MODULE SUMMARY
***

    Module                ro code  ro data  rw data
    ------                -------  -------  -------
C:\Users\duanskel\Documents\IAR Embedded Workbench\TMDXEVM1808L\GettingStarted\DDR Debug\Obj: [1]
    am18xx_cstartup.o         224
    main.o                    212
    -----------------------------------------------
    Total:                    436

command line: [2]
    -----------------------------------------------
    Total:

TI_Lib.a: [3]
    evmam1808.o               260
    evmam1808_dip.o            70
    evmam1808_i2c.o           464                 1
    evmam1808_i2c_gpio.o      520
    evmam1808_led.o           174
    evmam1808_timer.o         320
    -----------------------------------------------
    Total:                  1 808                 1

dl5E_tln.a: [4]
    exit.o                      8
    low_level_init.o            4
    -----------------------------------------------
    Total:                     12

rt5E_al.a: [5]
    cexit.o                    16
    cmain.o                    44
    data_init.o                40
    vectortrap.o                4
    zero_init3.o               42
    -----------------------------------------------
    Total:                    146

shi_l.a: [6]
    exit.o                     32
    iar_semihosting.o           4
    -----------------------------------------------
    Total:                     36

    Gaps                                 2
    Linker created                      16    1 792
---------------------------------------------------
    Grand Total:            2 438       18    1 793


*******************************************************************************
*** ENTRY LIST
***

Entry                      Address  Size  Type      Object
-----                      -------  ----  ----      ------
.intvec$$Base           0xc0000888         --   Gb  - Linker created -
.intvec$$Limit          0xc00008c4         --   Gb  - Linker created -
?main                   0xc00008c4        Code  Gb  cmain.o [5]
ABT_STACK$$Base         0xc0000fa0         --   Gb  - Linker created -
ABT_STACK$$Limit        0xc00010a0         --   Gb  - Linker created -
Abort_Handler           0xc0000994        Code  Wk  vectortrap.o [5]
CSTACK$$Base            0xc00009a0         --   Gb  - Linker created -
CSTACK$$Limit           0xc0000ba0         --   Gb  - Linker created -
Copy_Vectors            0xc000075c  0x2c  Code  Lc  main.o [1]
DIP_getAll              0xc00007ad  0x2e  Code  Gb  evmam1808_dip.o [3]
DIP_init                0xc0000795  0x18  Code  Gb  evmam1808_dip.o [3]
EVMAM1808_lpscTransition
                        0xc00004d1  0xac  Code  Gb  evmam1808.o [3]
EVMAM1808_pinmuxConfig  0xc000047d  0x42  Code  Gb  evmam1808.o [3]
FIQ_Handler             0xc0000994        Code  Wk  vectortrap.o [5]
FIQ_STACK$$Base         0xc0000da0         --   Gb  - Linker created -
FIQ_STACK$$Limit        0xc0000ea0         --   Gb  - Linker created -
I2CGPIO_getInputAll     0xc0000135  0xb6  Code  Gb  evmam1808_i2c_gpio.o [3]
I2CGPIO_init            0xc00000a5  0x90  Code  Gb  evmam1808_i2c_gpio.o [3]
I2CGPIO_setOutput       0xc00001eb  0xbe  Code  Gb  evmam1808_i2c_gpio.o [3]
I2C_init                0xc00002ad  0x7e  Code  Gb  evmam1808_i2c.o [3]
I2C_read                0xc000032b  0xa4  Code  Gb  evmam1808_i2c.o [3]
I2C_write               0xc00003cf  0x92  Code  Gb  evmam1808_i2c.o [3]
IRQ_Handler             0xc0000994        Code  Wk  vectortrap.o [5]
IRQ_STACK$$Base         0xc0000ca0         --   Gb  - Linker created -
IRQ_STACK$$Limit        0xc0000da0         --   Gb  - Linker created -
LED_init                0xc00007db  0x32  Code  Gb  evmam1808_led.o [3]
LED_turnOff             0xc000083d  0x30  Code  Gb  evmam1808_led.o [3]
LED_turnOn              0xc000080d  0x30  Code  Gb  evmam1808_led.o [3]
Prefetch_Handler        0xc0000994        Code  Wk  vectortrap.o [5]
Region$$Table$$Base     0xc0000984         --   Gb  - Linker created -
Region$$Table$$Limit    0xc0000994         --   Gb  - Linker created -
SVC_STACK$$Base         0xc0000ba0         --   Gb  - Linker created -
SVC_STACK$$Limit        0xc0000ca0         --   Gb  - Linker created -
SWI_Handler             0xc0000994        Code  Wk  vectortrap.o [5]
UND_STACK$$Base         0xc0000ea0         --   Gb  - Linker created -
UND_STACK$$Limit        0xc0000fa0         --   Gb  - Linker created -
USTIMER_delay           0xc0000621  0x58  Code  Gb  evmam1808_timer.o [3]
USTIMER_init            0xc0000581  0xa0  Code  Gb  evmam1808_timer.o [3]
Undefined_Handler       0xc0000994        Code  Wk  vectortrap.o [5]
__cmain                 0xc00008c4        Code  Gb  cmain.o [5]
__exit                  0xc0000924  0x20  Code  Gb  exit.o [6]
__iar_data_init3        0xc00008f5  0x28  Code  Gb  data_init.o [5]
__iar_program_start     0xc0000004        Code  Gb  am18xx_cstartup.o [1]
__iar_semihosting       0xc0000954   0x4  Code  Gb  iar_semihosting.o [6]
__iar_zero_init3        0xc0000959  0x2a  Code  Gb  zero_init3.o [5]
__intvec_start {Abs}    0xffff0000         --   Gb  command line/config [2]
__low_level_init        0xc00008f1   0x4  Code  Gb  low_level_init.o [4]
__vector                0xc0000888        Code  Gb  am18xx_cstartup.o [1]
_call_main              0xc00008d8        Code  Gb  cmain.o [5]
_exit                   0xc0000944        Code  Gb  cexit.o [5]
_main                   0xc00008e0        Code  Gb  cmain.o [5]
convertLedToI2CGpio     0xc000086d  0x1c  Code  Lc  evmam1808_led.o [3]
exit                    0xc000091d   0x8  Code  Gb  exit.o [4]
g_clock_rate            0xc0000998   0x1  Data  Lc  evmam1808_i2c.o [3]
main                    0xc00006c0  0x9c  Code  Gb  main.o [1]


[1] = C:\Users\duanskel\Documents\IAR Embedded Workbench\TMDXEVM1808L\GettingStarted\DDR Debug\Obj
[2] = command line
[3] = TI_Lib.a
[4] = dl5E_tln.a
[5] = rt5E_al.a
[6] = shi_l.a

  2 438 bytes of readonly  code memory
     18 bytes of readonly  data memory
  1 793 bytes of readwrite data memory

Errors: none
Warnings: none
